// Jest Snapshot v1, https://goo.gl/fbAQLP

exports[`Header should match the snapshot 1`] = `
<nav
  className="header"
>
  <Link
    to="/"
  >
    <h1
      className="main-header"
    >
      DEAD ENDS
    </h1>
  </Link>
  <div
    className="header-line"
  />
</nav>
`;
